2026-05-29 01:40:52,324 - INFO - ============================================================
2026-05-29 01:40:52,325 - INFO - INICIANDO ATUALIZAÇÃO - SOBRAL INVEST
2026-05-29 01:40:52,325 - INFO - ============================================================
2026-05-29 01:40:52,325 - INFO - Coletando SELIC...
2026-05-29 01:40:52,326 - INFO - SELIC: tentativa 1/3...
2026-05-29 01:41:34,547 - WARNING - SELIC falha tentativa 1: Expecting value: line 1 column 1 (char 0)
2026-05-29 01:41:39,549 - INFO - SELIC: tentativa 2/3...
2026-05-29 01:42:10,763 - WARNING - SELIC falha tentativa 2: Expecting value: line 1 column 1 (char 0)
2026-05-29 01:42:20,764 - INFO - SELIC: tentativa 3/3...
2026-05-29 01:42:32,774 - INFO - ✓ SELIC: 3672 registros coletados
2026-05-29 01:42:32,839 - INFO - ✓ selic.json atualizado com sucesso
2026-05-29 01:42:32,839 - INFO - Buscando lista de ativos...
2026-05-29 01:42:34,939 - INFO - Buscando indicadores fundamentais...
2026-05-29 01:42:36,257 - INFO - Processando 648 ativos...
2026-05-29 01:42:36,257 - INFO - yfinance: buscando data de listagem para AALR3...
2026-05-29 01:42:40,259 - INFO - yfinance: buscando data de listagem para ABCB4...
2026-05-29 01:42:43,528 - INFO - yfinance: buscando data de listagem para ABEV3...
2026-05-29 01:42:46,581 - INFO - yfinance: buscando data de listagem para ABRAV3...
2026-05-29 01:42:47,731 - ERROR - HTTP Error 404: {"quoteSummary":{"result":null,"error":{"code":"Not Found","description":"Quote not found for symbol: ABRAV3.SA"}}}
2026-05-29 01:42:48,092 - ERROR - $ABRAV3.SA: possibly delisted; no timezone found
2026-05-29 01:42:49,770 - INFO - yfinance: buscando data de listagem para ADHM3...
2026-05-29 01:42:52,553 - INFO - yfinance: buscando data de listagem para ADMF3...
2026-05-29 01:42:55,134 - INFO - yfinance: buscando data de listagem para AERI3...
2026-05-29 01:42:57,900 - INFO - yfinance: buscando data de listagem para AESB3...
2026-05-29 01:42:59,119 - ERROR - $AESB3.SA: possibly delisted; no timezone found
2026-05-29 01:43:00,796 - INFO - yfinance: buscando data de listagem para AFLT3...
2026-05-29 01:43:03,850 - INFO - yfinance: buscando data de listagem para AGRO3...
2026-05-29 01:43:06,797 - INFO - yfinance: buscando data de listagem para AGXY3...
2026-05-29 01:43:09,563 - INFO - yfinance: buscando data de listagem para AHEB3...
2026-05-29 01:43:12,412 - INFO - yfinance: buscando data de listagem para AHEB5...
2026-05-29 01:43:15,211 - INFO - yfinance: buscando data de listagem para AHEB6...
2026-05-29 01:43:18,007 - INFO - yfinance: buscando data de listagem para ALLD3...
2026-05-29 01:43:20,704 - INFO - yfinance: buscando data de listagem para ALOS3...
2026-05-29 01:43:23,608 - INFO - yfinance: buscando data de listagem para ALPA3...
2026-05-29 01:43:26,667 - INFO - yfinance: buscando data de listagem para ALPA4...
2026-05-29 01:43:29,760 - INFO - yfinance: buscando data de listagem para ALPK3...
2026-05-29 01:43:32,512 - INFO - yfinance: buscando data de listagem para ALSC3...
2026-05-29 01:43:33,061 - ERROR - $ALSC3.SA: possibly delisted; no timezone found
2026-05-29 01:43:34,737 - INFO - yfinance: buscando data de listagem para ALSO3...
2026-05-29 01:43:35,307 - ERROR - $ALSO3.SA: possibly delisted; no timezone found
2026-05-29 01:43:36,988 - INFO - yfinance: buscando data de listagem para ALUP11...
2026-05-29 01:43:40,074 - INFO - yfinance: buscando data de listagem para ALUP3...
2026-05-29 01:43:42,879 - INFO - yfinance: buscando data de listagem para ALUP4...
2026-05-29 01:43:45,681 - INFO - yfinance: buscando data de listagem para AMAR3...
2026-05-29 01:43:48,779 - INFO - yfinance: buscando data de listagem para AMBP3...
2026-05-29 01:43:51,543 - INFO - yfinance: buscando data de listagem para AMER3...
2026-05-29 01:43:54,728 - INFO - yfinance: buscando data de listagem para AMOB3...
2026-05-29 01:43:57,318 - INFO - yfinance: buscando data de listagem para ANIM3...
2026-05-29 01:44:00,289 - INFO - yfinance: buscando data de listagem para APER3...
2026-05-29 01:47:14,142 - INFO - ============================================================
2026-05-29 01:47:14,143 - INFO - INICIANDO ATUALIZAÇÃO - SOBRAL INVEST
2026-05-29 01:47:14,144 - INFO - ============================================================
2026-05-29 01:47:14,144 - INFO - Coletando SELIC...
2026-05-29 01:47:14,144 - INFO - SELIC: tentativa 1/3...
2026-05-29 01:47:15,724 - INFO - ✓ SELIC: 3672 registros coletados
2026-05-29 01:47:15,802 - INFO - ✓ selic.json atualizado com sucesso
2026-05-29 01:47:15,802 - INFO - Buscando lista de ativos...
2026-05-29 01:47:27,515 - INFO - Buscando indicadores fundamentais...
2026-05-29 01:47:28,452 - INFO - Processando 648 ativos...
2026-05-29 01:47:28,452 - INFO - yfinance: buscando data de listagem para AALR3...
2026-05-29 01:47:31,361 - INFO - yfinance: buscando data de listagem para ABCB4...
2026-05-29 01:47:33,710 - INFO - yfinance: buscando data de listagem para ABEV3...
2026-05-29 01:47:36,152 - INFO - yfinance: buscando data de listagem para ABRAV3...
2026-05-29 01:47:37,342 - ERROR - HTTP Error 404: {"quoteSummary":{"result":null,"error":{"code":"Not Found","description":"Quote not found for symbol: ABRAV3.SA"}}}
2026-05-29 01:47:37,751 - ERROR - $ABRAV3.SA: possibly delisted; no timezone found
2026-05-29 01:47:38,844 - INFO - yfinance: buscando data de listagem para ADHM3...
2026-05-29 01:47:40,806 - INFO - yfinance: buscando data de listagem para ADMF3...
2026-05-29 01:47:42,594 - INFO - yfinance: buscando data de listagem para AERI3...
2026-05-29 01:47:44,466 - INFO - yfinance: buscando data de listagem para AESB3...
2026-05-29 01:47:45,622 - ERROR - $AESB3.SA: possibly delisted; no timezone found
2026-05-29 01:47:46,714 - INFO - yfinance: buscando data de listagem para AFLT3...
2026-05-29 01:47:48,846 - INFO - yfinance: buscando data de listagem para AGRO3...
2026-05-29 01:47:50,902 - INFO - yfinance: buscando data de listagem para AGXY3...
2026-05-29 01:47:52,536 - INFO - ✓ Cache de listagem salvo com sucesso
2026-05-29 01:47:52,837 - INFO - yfinance: buscando data de listagem para AHEB3...
2026-05-29 01:47:54,813 - INFO - yfinance: buscando data de listagem para AHEB5...
2026-05-29 01:47:56,777 - INFO - yfinance: buscando data de listagem para AHEB6...
2026-05-29 01:47:58,735 - INFO - yfinance: buscando data de listagem para ALLD3...
2026-05-29 01:48:00,717 - INFO - yfinance: buscando data de listagem para ALOS3...
2026-05-29 01:48:02,786 - INFO - yfinance: buscando data de listagem para ALPA3...
2026-05-29 01:48:04,961 - INFO - yfinance: buscando data de listagem para ALPA4...
2026-05-29 01:48:07,355 - INFO - yfinance: buscando data de listagem para ALPK3...
2026-05-29 01:48:09,347 - INFO - yfinance: buscando data de listagem para ALSC3...
2026-05-29 01:48:09,911 - ERROR - $ALSC3.SA: possibly delisted; no timezone found
2026-05-29 01:48:11,000 - INFO - yfinance: buscando data de listagem para ALSO3...
2026-05-29 01:48:11,813 - ERROR - $ALSO3.SA: possibly delisted; no timezone found
2026-05-29 01:48:12,603 - INFO - ✓ Cache de listagem salvo com sucesso
2026-05-29 01:48:12,905 - INFO - yfinance: buscando data de listagem para ALUP11...
2026-05-29 01:48:15,116 - INFO - yfinance: buscando data de listagem para ALUP3...
2026-05-29 01:48:17,203 - INFO - yfinance: buscando data de listagem para ALUP4...
2026-05-29 01:48:19,315 - INFO - yfinance: buscando data de listagem para AMAR3...
2026-05-29 01:48:21,539 - INFO - yfinance: buscando data de listagem para AMBP3...
2026-05-29 01:48:23,466 - INFO - yfinance: buscando data de listagem para AMER3...
2026-05-29 01:48:25,714 - INFO - yfinance: buscando data de listagem para AMOB3...
2026-05-29 01:48:27,514 - INFO - yfinance: buscando data de listagem para ANIM3...
2026-05-29 01:48:29,534 - INFO - yfinance: buscando data de listagem para APER3...
2026-05-29 01:48:30,095 - ERROR - $APER3.SA: possibly delisted; no timezone found
2026-05-29 01:48:31,775 - INFO - yfinance: buscando data de listagem para APTI3...
2026-05-29 01:48:32,344 - ERROR - $APTI3.SA: possibly delisted; no timezone found
2026-05-29 01:48:33,724 - INFO - ✓ Cache de listagem salvo com sucesso
2026-05-29 01:48:34,026 - INFO - yfinance: buscando data de listagem para APTI4...
2026-05-29 01:48:36,773 - INFO - yfinance: buscando data de listagem para ARML3...
2026-05-29 01:48:39,540 - INFO - yfinance: buscando data de listagem para ARZZ3...
2026-05-29 01:48:40,109 - ERROR - $ARZZ3.SA: possibly delisted; no timezone found
2026-05-29 01:48:41,795 - INFO - yfinance: buscando data de listagem para ASAI3...
2026-05-29 01:48:44,572 - INFO - yfinance: buscando data de listagem para ATED3...
2026-05-29 01:48:47,148 - INFO - yfinance: buscando data de listagem para ATMP3...
2026-05-29 01:48:47,707 - ERROR - $ATMP3.SA: possibly delisted; no timezone found
2026-05-29 01:48:49,385 - INFO - yfinance: buscando data de listagem para ATOM3...
2026-05-29 01:48:49,948 - ERROR - $ATOM3.SA: possibly delisted; no timezone found
2026-05-29 01:48:51,627 - INFO - yfinance: buscando data de listagem para AURA33...
2026-05-29 01:48:54,477 - INFO - yfinance: buscando data de listagem para AURE3...
2026-05-29 01:48:57,187 - INFO - yfinance: buscando data de listagem para AVLL3...
2026-05-29 01:48:59,616 - INFO - ✓ Cache de listagem salvo com sucesso
2026-05-29 01:48:59,918 - INFO - yfinance: buscando data de listagem para AZEV3...
2026-05-29 01:49:02,941 - INFO - yfinance: buscando data de listagem para AZEV4...
2026-05-29 01:49:05,986 - INFO - yfinance: buscando data de listagem para AZTE3...
2026-05-29 01:49:08,607 - INFO - yfinance: buscando data de listagem para AZUL4...
2026-05-29 01:49:09,196 - ERROR - $AZUL4.SA: possibly delisted; no timezone found
2026-05-29 01:49:10,873 - INFO - yfinance: buscando data de listagem para AZZA3...
2026-05-29 01:49:13,837 - INFO - yfinance: buscando data de listagem para B3SA3...
2026-05-29 01:49:16,825 - INFO - yfinance: buscando data de listagem para BAHI3...
2026-05-29 01:49:17,499 - ERROR - $BAHI3.SA: possibly delisted; no timezone found
2026-05-29 01:49:19,180 - INFO - yfinance: buscando data de listagem para BALM3...
2026-05-29 01:49:22,112 - INFO - yfinance: buscando data de listagem para BALM4...
2026-05-29 01:49:24,928 - INFO - Processados: 50/648 | Falhas div: 15
2026-05-29 01:49:24,928 - INFO - yfinance: buscando data de listagem para BAUH3...
2026-05-29 01:49:27,550 - INFO - ✓ Cache de listagem salvo com sucesso
2026-05-29 01:49:27,851 - INFO - yfinance: buscando data de listagem para BAUH4...
2026-05-29 01:49:30,710 - INFO - yfinance: buscando data de listagem para BAZA3...
2026-05-29 01:49:33,867 - INFO - yfinance: buscando data de listagem para BBAS3...
2026-05-29 01:49:37,150 - INFO - yfinance: buscando data de listagem para BBDC3...
2026-05-29 01:49:40,428 - INFO - yfinance: buscando data de listagem para BBDC4...
2026-05-29 01:49:43,403 - INFO - yfinance: buscando data de listagem para BBML3...
2026-05-29 01:49:44,163 - ERROR - $BBML3.SA: possibly delisted; no timezone found
2026-05-29 01:49:45,841 - INFO - yfinance: buscando data de listagem para BBRK3...
2026-05-29 01:49:46,648 - ERROR - $BBRK3.SA: possibly delisted; no timezone found
2026-05-29 01:49:48,327 - INFO - yfinance: buscando data de listagem para BBSE3...
2026-05-29 01:49:51,140 - INFO - yfinance: buscando data de listagem para BDLL3...
2026-05-29 01:49:53,895 - INFO - yfinance: buscando data de listagem para BDLL4...
2026-05-29 01:49:56,733 - INFO - ✓ Cache de listagem salvo com sucesso
2026-05-29 01:49:57,034 - INFO - yfinance: buscando data de listagem para BEEF11...
2026-05-29 01:49:57,600 - ERROR - $BEEF11.SA: possibly delisted; no timezone found
2026-05-29 01:49:59,278 - INFO - yfinance: buscando data de listagem para BEEF3...
2026-05-29 01:50:02,305 - INFO - yfinance: buscando data de listagem para BEES3...
2026-05-29 01:50:05,325 - INFO - yfinance: buscando data de listagem para BEES4...
2026-05-29 01:50:08,450 - INFO - yfinance: buscando data de listagem para BGIP3...
2026-05-29 01:50:11,437 - INFO - yfinance: buscando data de listagem para BGIP4...
2026-05-29 01:50:14,613 - INFO - yfinance: buscando data de listagem para BHIA3...
2026-05-29 01:50:17,487 - INFO - yfinance: buscando data de listagem para BIDI11...
2026-05-29 01:50:18,056 - ERROR - $BIDI11.SA: possibly delisted; no timezone found
2026-05-29 01:50:19,730 - INFO - yfinance: buscando data de listagem para BIDI3...
2026-05-29 01:50:20,411 - ERROR - $BIDI3.SA: possibly delisted; no timezone found
2026-05-29 01:50:22,084 - INFO - yfinance: buscando data de listagem para BIDI4...
2026-05-29 01:50:22,708 - ERROR - $BIDI4.SA: possibly delisted; no timezone found
2026-05-29 01:50:24,082 - INFO - ✓ Cache de listagem salvo com sucesso
2026-05-29 01:50:24,383 - INFO - yfinance: buscando data de listagem para BIED3...
2026-05-29 01:50:26,986 - INFO - yfinance: buscando data de listagem para BIOM3...
2026-05-29 01:50:30,233 - INFO - yfinance: buscando data de listagem para BKBR3...
2026-05-29 01:50:30,804 - ERROR - $BKBR3.SA: possibly delisted; no timezone found
2026-05-29 01:50:32,482 - INFO - yfinance: buscando data de listagem para BLAU3...
2026-05-29 01:50:35,219 - INFO - yfinance: buscando data de listagem para BLUT3...
2026-05-29 01:50:35,791 - ERROR - $BLUT3.SA: possibly delisted; no timezone found
2026-05-29 01:50:37,468 - INFO - yfinance: buscando data de listagem para BLUT4...
2026-05-29 01:50:38,284 - ERROR - $BLUT4.SA: possibly delisted; no timezone found
2026-05-29 01:50:39,960 - INFO - yfinance: buscando data de listagem para BMEB3...
2026-05-29 01:50:42,918 - INFO - yfinance: buscando data de listagem para BMEB4...
2026-05-29 01:50:45,807 - INFO - yfinance: buscando data de listagem para BMGB4...
2026-05-29 01:50:48,532 - INFO - yfinance: buscando data de listagem para BMIN3...
2026-05-29 01:50:51,074 - INFO - ✓ Cache de listagem salvo com sucesso
2026-05-29 01:50:51,375 - INFO - yfinance: buscando data de listagem para BMIN4...
2026-05-29 01:50:54,175 - INFO - yfinance: buscando data de listagem para BMKS3...
2026-05-29 01:50:57,107 - INFO - yfinance: buscando data de listagem para BMOB3...
2026-05-29 01:50:59,875 - INFO - yfinance: buscando data de listagem para BNBR3...
2026-05-29 01:51:02,854 - INFO - yfinance: buscando data de listagem para BOAS3...
2026-05-29 01:51:03,747 - ERROR - $BOAS3.SA: possibly delisted; no timezone found
2026-05-29 01:51:05,425 - INFO - yfinance: buscando data de listagem para BOBR3...
2026-05-29 01:51:08,032 - INFO - yfinance: buscando data de listagem para BOBR4...
2026-05-29 01:51:10,882 - INFO - yfinance: buscando data de listagem para BPAC11...
2026-05-29 01:51:13,996 - INFO - yfinance: buscando data de listagem para BPAC3...
2026-05-29 01:51:16,872 - INFO - yfinance: buscando data de listagem para BPAC5...
2026-05-29 01:51:19,327 - INFO - ✓ Cache de listagem salvo com sucesso
2026-05-29 01:51:19,629 - INFO - yfinance: buscando data de listagem para BPAN4...
2026-05-29 01:51:20,294 - ERROR - $BPAN4.SA: possibly delisted; no timezone found
2026-05-29 01:51:21,976 - INFO - yfinance: buscando data de listagem para BPAR3...
2026-05-29 01:51:24,686 - INFO - yfinance: buscando data de listagem para BPHA3...
2026-05-29 01:51:27,427 - INFO - yfinance: buscando data de listagem para BRAP3...
2026-05-29 01:51:30,435 - INFO - yfinance: buscando data de listagem para BRAP4...
2026-05-29 01:51:33,447 - INFO - yfinance: buscando data de listagem para BRAV3...
2026-05-29 01:51:36,390 - INFO - yfinance: buscando data de listagem para BRBI11...
2026-05-29 01:51:39,070 - INFO - yfinance: buscando data de listagem para BRDT3...
2026-05-29 01:51:39,641 - ERROR - $BRDT3.SA: possibly delisted; no timezone found
2026-05-29 01:51:41,322 - INFO - yfinance: buscando data de listagem para BRFS3...
2026-05-29 01:51:41,891 - ERROR - $BRFS3.SA: possibly delisted; no timezone found
2026-05-29 01:51:43,570 - INFO - Processados: 100/648 | Falhas div: 21
2026-05-29 01:51:43,570 - INFO - yfinance: buscando data de listagem para BRGE11...
2026-05-29 01:51:46,067 - INFO - ✓ Cache de listagem salvo com sucesso
2026-05-29 01:51:46,368 - INFO - yfinance: buscando data de listagem para BRGE12...
2026-05-29 01:51:49,177 - INFO - yfinance: buscando data de listagem para BRGE3...
2026-05-29 01:51:52,356 - INFO - yfinance: buscando data de listagem para BRGE5...
2026-05-29 01:51:55,132 - INFO - yfinance: buscando data de listagem para BRGE6...
2026-05-29 01:51:57,936 - INFO - yfinance: buscando data de listagem para BRGE7...
2026-05-29 01:52:00,739 - INFO - yfinance: buscando data de listagem para BRGE8...
2026-05-29 01:52:03,527 - INFO - yfinance: buscando data de listagem para BRIN3...
2026-05-29 01:52:04,002 - ERROR - $BRIN3.SA: possibly delisted; no price data found  (1d 1927-06-23 -> 2026-05-29)
2026-05-29 01:52:05,682 - INFO - yfinance: buscando data de listagem para BRIT3...
2026-05-29 01:52:06,255 - ERROR - $BRIT3.SA: possibly delisted; no timezone found
2026-05-29 01:52:07,939 - INFO - yfinance: buscando data de listagem para BRIV3...
2026-05-29 01:52:10,814 - INFO - yfinance: buscando data de listagem para BRIV4...
2026-05-29 01:52:13,437 - INFO - ✓ Cache de listagem salvo com sucesso
2026-05-29 01:52:13,738 - INFO - yfinance: buscando data de listagem para BRKM3...
2026-05-29 01:52:16,685 - INFO - yfinance: buscando data de listagem para BRKM5...
2026-05-29 01:52:19,757 - INFO - yfinance: buscando data de listagem para BRKM6...
2026-05-29 01:52:22,638 - INFO - yfinance: buscando data de listagem para BRML3...
2026-05-29 01:52:23,207 - ERROR - $BRML3.SA: possibly delisted; no timezone found
2026-05-29 01:52:24,885 - INFO - yfinance: buscando data de listagem para BRPR3...
2026-05-29 01:52:27,825 - INFO - yfinance: buscando data de listagem para BRQB3...
2026-05-29 01:52:28,209 - ERROR - $BRQB3.SA: possibly delisted; no price data found  (1d 1927-06-23 -> 2026-05-29)
2026-05-29 01:52:29,888 - INFO - yfinance: buscando data de listagem para BRSR3...
2026-05-29 01:52:33,007 - INFO - yfinance: buscando data de listagem para BRSR5...
2026-05-29 01:52:35,992 - INFO - yfinance: buscando data de listagem para BRSR6...
2026-05-29 01:52:39,210 - INFO - yfinance: buscando data de listagem para BRST3...
2026-05-29 01:52:41,493 - INFO - ✓ Cache de listagem salvo com sucesso
2026-05-29 01:52:41,793 - INFO - yfinance: buscando data de listagem para BSEV3...
2026-05-29 01:52:42,362 - ERROR - $BSEV3.SA: possibly delisted; no timezone found
2026-05-29 01:52:44,043 - INFO - yfinance: buscando data de listagem para BSLI3...
2026-05-29 01:52:47,003 - INFO - yfinance: buscando data de listagem para BSLI4...
2026-05-29 01:52:49,940 - INFO - yfinance: buscando data de listagem para BTOW3...
2026-05-29 01:52:50,508 - ERROR - $BTOW3.SA: possibly delisted; no timezone found
2026-05-29 01:52:52,189 - INFO - yfinance: buscando data de listagem para BTTL3...
2026-05-29 01:52:52,758 - ERROR - $BTTL3.SA: possibly delisted; no timezone found
2026-05-29 01:52:54,440 - INFO - yfinance: buscando data de listagem para CALI3...
2026-05-29 01:52:57,326 - INFO - yfinance: buscando data de listagem para CALI4...
2026-05-29 01:52:57,900 - ERROR - $CALI4.SA: possibly delisted; no timezone found
2026-05-29 01:52:59,580 - INFO - yfinance: buscando data de listagem para CAMB3...
2026-05-29 01:53:02,495 - INFO - yfinance: buscando data de listagem para CAML3...
2026-05-29 01:53:05,245 - INFO - yfinance: buscando data de listagem para CARD3...
2026-05-29 01:53:05,816 - ERROR - $CARD3.SA: possibly delisted; no timezone found
2026-05-29 01:53:07,195 - INFO - ✓ Cache de listagem salvo com sucesso
2026-05-29 01:53:07,496 - INFO - yfinance: buscando data de listagem para CASH3...
2026-05-29 01:53:10,267 - INFO - yfinance: buscando data de listagem para CASN3...
2026-05-29 01:53:13,085 - INFO - yfinance: buscando data de listagem para CASN4...
2026-05-29 01:53:15,898 - INFO - yfinance: buscando data de listagem para CATA3...
2026-05-29 01:53:16,469 - ERROR - $CATA3.SA: possibly delisted; no timezone found
2026-05-29 01:53:18,149 - INFO - yfinance: buscando data de listagem para CATA4...
2026-05-29 01:53:18,720 - ERROR - $CATA4.SA: possibly delisted; no timezone found
2026-05-29 01:53:20,396 - INFO - yfinance: buscando data de listagem para CBAV3...
2026-05-29 01:53:23,175 - INFO - yfinance: buscando data de listagem para CBEE3...
2026-05-29 01:53:26,170 - INFO - yfinance: buscando data de listagem para CCPR3...
2026-05-29 01:53:26,746 - ERROR - $CCPR3.SA: possibly delisted; no timezone found
2026-05-29 01:53:28,427 - INFO - yfinance: buscando data de listagem para CCRO3...
2026-05-29 01:53:29,053 - ERROR - $CCRO3.SA: possibly delisted; no timezone found
2026-05-29 01:53:30,733 - INFO - yfinance: buscando data de listagem para CCXC3...
2026-05-29 01:53:31,297 - ERROR - $CCXC3.SA: possibly delisted; no timezone found
2026-05-29 01:53:32,672 - INFO - ✓ Cache de listagem salvo com sucesso
2026-05-29 01:53:32,974 - INFO - yfinance: buscando data de listagem para CEAB3...
2026-05-29 01:53:35,714 - INFO - yfinance: buscando data de listagem para CEBR3...
2026-05-29 01:53:38,680 - INFO - yfinance: buscando data de listagem para CEBR5...
2026-05-29 01:53:41,638 - INFO - yfinance: buscando data de listagem para CEBR6...
2026-05-29 01:53:44,447 - INFO - yfinance: buscando data de listagem para CEDO3...
2026-05-29 01:53:47,248 - INFO - yfinance: buscando data de listagem para CEDO4...
2026-05-29 01:53:50,047 - INFO - yfinance: buscando data de listagem para CEEB3...
2026-05-29 01:53:53,042 - INFO - yfinance: buscando data de listagem para CEEB5...
2026-05-29 01:53:55,764 - INFO - yfinance: buscando data de listagem para CEEB6...
2026-05-29 01:53:56,482 - ERROR - $CEEB6.SA: possibly delisted; no timezone found
2026-05-29 01:53:58,163 - INFO - Processados: 150/648 | Falhas div: 28
2026-05-29 01:53:58,163 - INFO - yfinance: buscando data de listagem para CEED3...
2026-05-29 01:54:00,613 - INFO - ✓ Cache de listagem salvo com sucesso
2026-05-29 01:54:00,914 - INFO - yfinance: buscando data de listagem para CEED4...
2026-05-29 01:54:03,598 - INFO - yfinance: buscando data de listagem para CEGR3...
2026-05-29 01:54:06,993 - INFO - yfinance: buscando data de listagem para CEPE3...
2026-05-29 01:54:07,566 - ERROR - $CEPE3.SA: possibly delisted; no timezone found
2026-05-29 01:54:09,245 - INFO - yfinance: buscando data de listagem para CEPE5...
2026-05-29 01:54:09,898 - ERROR - $CEPE5.SA: possibly delisted; no timezone found
2026-05-29 01:54:11,576 - INFO - yfinance: buscando data de listagem para CEPE6...
2026-05-29 01:54:12,148 - ERROR - $CEPE6.SA: possibly delisted; no timezone found
2026-05-29 01:54:13,826 - INFO - yfinance: buscando data de listagem para CESP3...
2026-05-29 01:54:14,398 - ERROR - $CESP3.SA: possibly delisted; no timezone found
2026-05-29 01:54:16,082 - INFO - yfinance: buscando data de listagem para CESP5...
2026-05-29 01:54:16,651 - ERROR - $CESP5.SA: possibly delisted; no timezone found
2026-05-29 01:54:18,337 - INFO - yfinance: buscando data de listagem para CESP6...
2026-05-29 01:54:18,907 - ERROR - $CESP6.SA: possibly delisted; no timezone found
2026-05-29 01:54:20,583 - INFO - yfinance: buscando data de listagem para CGAS3...
2026-05-29 01:54:23,656 - INFO - yfinance: buscando data de listagem para CGAS5...
2026-05-29 01:54:26,439 - INFO - ✓ Cache de listagem salvo com sucesso
2026-05-29 01:54:26,741 - INFO - yfinance: buscando data de listagem para CGRA3...
2026-05-29 01:54:29,821 - INFO - yfinance: buscando data de listagem para CGRA4...
2026-05-29 01:54:33,085 - INFO - yfinance: buscando data de listagem para CIEL3...
2026-05-29 01:54:33,656 - ERROR - $CIEL3.SA: possibly delisted; no timezone found
2026-05-29 01:54:35,336 - INFO - yfinance: buscando data de listagem para CLSA3...
2026-05-29 01:54:35,921 - ERROR - $CLSA3.SA: possibly delisted; no timezone found
2026-05-29 01:54:37,600 - INFO - yfinance: buscando data de listagem para CLSC3...
2026-05-29 01:54:40,901 - INFO - yfinance: buscando data de listagem para CLSC4...
2026-05-29 01:54:43,794 - INFO - yfinance: buscando data de listagem para CMIG3...
2026-05-29 01:54:47,093 - INFO - yfinance: buscando data de listagem para CMIG4...
2026-05-29 01:54:50,149 - INFO - yfinance: buscando data de listagem para CMIN3...
2026-05-29 01:54:52,866 - INFO - yfinance: buscando data de listagem para CMSA3...
2026-05-29 01:54:53,475 - ERROR - $CMSA3.SA: possibly delisted; no timezone found
2026-05-29 01:54:54,849 - INFO - ✓ Cache de listagem salvo com sucesso
2026-05-29 01:54:55,151 - INFO - yfinance: buscando data de listagem para CMSA4...
2026-05-29 01:54:55,722 - ERROR - $CMSA4.SA: possibly delisted; no timezone found
2026-05-29 01:54:57,403 - INFO - yfinance: buscando data de listagem para CNSY3...
2026-05-29 01:54:57,978 - ERROR - $CNSY3.SA: possibly delisted; no timezone found
2026-05-29 01:54:59,656 - INFO - yfinance: buscando data de listagem para CNTO3...
2026-05-29 01:55:00,225 - ERROR - $CNTO3.SA: possibly delisted; no timezone found
2026-05-29 01:55:01,903 - INFO - yfinance: buscando data de listagem para COCE3...
2026-05-29 01:55:04,885 - INFO - yfinance: buscando data de listagem para COCE5...
2026-05-29 01:55:08,003 - INFO - yfinance: buscando data de listagem para COCE6...
2026-05-29 01:55:10,862 - INFO - yfinance: buscando data de listagem para COGN3...
2026-05-29 01:55:13,851 - INFO - yfinance: buscando data de listagem para CORR3...
2026-05-29 01:55:16,630 - INFO - yfinance: buscando data de listagem para CORR4...
2026-05-29 01:55:19,413 - INFO - yfinance: buscando data de listagem para CPFE3...
2026-05-29 01:55:22,235 - INFO - ✓ Cache de listagem salvo com sucesso
2026-05-29 01:55:22,536 - INFO - yfinance: buscando data de listagem para CPLE11...
2026-05-29 01:55:23,105 - ERROR - $CPLE11.SA: possibly delisted; no timezone found
2026-05-29 01:55:24,785 - INFO - yfinance: buscando data de listagem para CPLE3...
2026-05-29 01:55:28,032 - INFO - yfinance: buscando data de listagem para CPLE5...
2026-05-29 01:55:28,606 - ERROR - $CPLE5.SA: possibly delisted; no timezone found
2026-05-29 01:55:30,280 - INFO - yfinance: buscando data de listagem para CPLE6...
2026-05-29 01:55:30,854 - ERROR - $CPLE6.SA: possibly delisted; no timezone found
2026-05-29 01:55:32,536 - INFO - yfinance: buscando data de listagem para CPRE3...
2026-05-29 01:55:33,353 - ERROR - $CPRE3.SA: possibly delisted; no timezone found
2026-05-29 01:55:35,033 - INFO - yfinance: buscando data de listagem para CRDE3...
2026-05-29 01:55:35,602 - ERROR - $CRDE3.SA: possibly delisted; no timezone found
2026-05-29 01:55:37,282 - INFO - yfinance: buscando data de listagem para CRFB3...
2026-05-29 01:55:37,850 - ERROR - $CRFB3.SA: possibly delisted; no timezone found
2026-05-29 01:55:39,530 - INFO - yfinance: buscando data de listagem para CRIV3...
2026-05-29 01:55:42,372 - INFO - yfinance: buscando data de listagem para CRIV4...
2026-05-29 01:55:45,468 - INFO - yfinance: buscando data de listagem para CRPG3...
2026-05-29 01:55:48,119 - INFO - ✓ Cache de listagem salvo com sucesso
2026-05-29 01:55:48,420 - INFO - yfinance: buscando data de listagem para CRPG5...
2026-05-29 01:55:51,461 - INFO - yfinance: buscando data de listagem para CRPG6...
2026-05-29 01:55:54,512 - INFO - yfinance: buscando data de listagem para CSAB3...
2026-05-29 01:55:55,076 - ERROR - $CSAB3.SA: possibly delisted; no timezone found
2026-05-29 01:55:56,759 - INFO - yfinance: buscando data de listagem para CSAB4...
2026-05-29 01:55:57,447 - ERROR - $CSAB4.SA: possibly delisted; no timezone found
2026-05-29 01:55:59,124 - INFO - yfinance: buscando data de listagem para CSAN3...
2026-05-29 01:56:02,417 - INFO - yfinance: buscando data de listagem para CSED3...
2026-05-29 01:56:05,373 - INFO - yfinance: buscando data de listagem para CSMG3...
2026-05-29 01:56:08,410 - INFO - yfinance: buscando data de listagem para CSNA3...
2026-05-29 01:56:11,586 - INFO - yfinance: buscando data de listagem para CSRN3...
2026-05-29 01:56:12,160 - ERROR - $CSRN3.SA: possibly delisted; no timezone found
2026-05-29 01:56:13,837 - INFO - Processados: 200/648 | Falhas div: 36
2026-05-29 01:56:13,837 - INFO - yfinance: buscando data de listagem para CSRN5...
2026-05-29 01:56:14,465 - ERROR - $CSRN5.SA: possibly delisted; no timezone found
2026-05-29 01:56:15,849 - INFO - ✓ Cache de listagem salvo com sucesso
2026-05-29 01:56:16,151 - INFO - yfinance: buscando data de listagem para CSRN6...
2026-05-29 01:56:16,722 - ERROR - $CSRN6.SA: possibly delisted; no timezone found
2026-05-29 01:56:18,402 - INFO - yfinance: buscando data de listagem para CSUD3...
2026-05-29 01:56:21,246 - INFO - yfinance: buscando data de listagem para CTAX3...
2026-05-29 01:56:23,850 - INFO - yfinance: buscando data de listagem para CTCA3...
2026-05-29 01:56:24,425 - ERROR - $CTCA3.SA: possibly delisted; no timezone found
2026-05-29 01:56:26,104 - INFO - yfinance: buscando data de listagem para CTKA3...
2026-05-29 01:56:29,190 - INFO - yfinance: buscando data de listagem para CTKA4...
2026-05-29 01:56:32,144 - INFO - yfinance: buscando data de listagem para CTNM3...
2026-05-29 01:56:32,716 - ERROR - $CTNM3.SA: possibly delisted; no timezone found
2026-05-29 01:56:34,397 - INFO - yfinance: buscando data de listagem para CTNM4...
2026-05-29 01:56:37,250 - INFO - yfinance: buscando data de listagem para CTSA3...
2026-05-29 01:56:40,252 - INFO - yfinance: buscando data de listagem para CTSA4...
2026-05-29 01:56:42,894 - INFO - ✓ Cache de listagem salvo com sucesso
2026-05-29 01:56:43,195 - INFO - yfinance: buscando data de listagem para CTSA8...
2026-05-29 01:56:43,571 - ERROR - $CTSA8.SA: possibly delisted; no price data found  (1d 1927-06-23 -> 2026-05-29)
2026-05-29 01:56:45,251 - INFO - yfinance: buscando data de listagem para CURY3...
2026-05-29 01:56:47,972 - INFO - yfinance: buscando data de listagem para CVCB3...
2026-05-29 01:56:50,772 - INFO - yfinance: buscando data de listagem para CXSE3...
2026-05-29 01:56:53,481 - INFO - yfinance: buscando data de listagem para CYRE3...
2026-05-29 01:56:56,563 - INFO - yfinance: buscando data de listagem para DASA3...
2026-05-29 01:56:59,711 - INFO - yfinance: buscando data de listagem para DESK3...
2026-05-29 01:57:02,454 - INFO - yfinance: buscando data de listagem para DEXP3...
2026-05-29 01:57:05,649 - INFO - yfinance: buscando data de listagem para DEXP4...
2026-05-29 01:57:08,426 - INFO - yfinance: buscando data de listagem para DIRR3...
2026-05-29 01:57:11,306 - INFO - ✓ Cache de listagem salvo com sucesso
2026-05-29 01:57:11,607 - INFO - yfinance: buscando data de listagem para DMMO11...
2026-05-29 01:57:12,177 - ERROR - $DMMO11.SA: possibly delisted; no timezone found
2026-05-29 01:57:13,856 - INFO - yfinance: buscando data de listagem para DMMO3...
2026-05-29 01:57:14,429 - ERROR - $DMMO3.SA: possibly delisted; no timezone found
2026-05-29 01:57:16,110 - INFO - yfinance: buscando data de listagem para DMVF3...
2026-05-29 01:57:18,758 - INFO - yfinance: buscando data de listagem para DOHL3...
2026-05-29 01:57:21,604 - INFO - yfinance: buscando data de listagem para DOHL4...
2026-05-29 01:57:24,579 - INFO - yfinance: buscando data de listagem para DOTZ3...
2026-05-29 01:57:27,327 - INFO - yfinance: buscando data de listagem para DTCY3...
2026-05-29 01:57:30,301 - INFO - yfinance: buscando data de listagem para DTCY4...
2026-05-29 01:57:30,866 - ERROR - $DTCY4.SA: possibly delisted; no timezone found
2026-05-29 01:57:32,543 - INFO - yfinance: buscando data de listagem para DTEX3...
2026-05-29 01:57:33,114 - ERROR - $DTEX3.SA: possibly delisted; no timezone found
2026-05-29 01:57:34,794 - INFO - yfinance: buscando data de listagem para DXCO3...
2026-05-29 01:57:37,656 - INFO - ✓ Cache de listagem salvo com sucesso
2026-05-29 01:57:37,957 - INFO - yfinance: buscando data de listagem para EALT3...
2026-05-29 01:57:40,810 - INFO - yfinance: buscando data de listagem para EALT4...
2026-05-29 01:57:43,882 - INFO - yfinance: buscando data de listagem para ECOR3...
2026-05-29 01:57:46,890 - INFO - yfinance: buscando data de listagem para ECPR3...
2026-05-29 01:57:49,871 - INFO - yfinance: buscando data de listagem para ECPR4...
2026-05-29 01:57:52,784 - INFO - yfinance: buscando data de listagem para EEEL3...
2026-05-29 01:57:53,354 - ERROR - $EEEL3.SA: possibly delisted; no timezone found
2026-05-29 01:57:55,036 - INFO - yfinance: buscando data de listagem para EEEL4...
2026-05-29 01:57:55,613 - ERROR - $EEEL4.SA: possibly delisted; no timezone found
2026-05-29 01:57:57,297 - INFO - yfinance: buscando data de listagem para EGIE3...
2026-05-29 01:58:00,407 - INFO - yfinance: buscando data de listagem para EKTR3...
2026-05-29 01:58:03,382 - INFO - yfinance: buscando data de listagem para EKTR4...
2026-05-29 01:58:06,157 - INFO - ✓ Cache de listagem salvo com sucesso
2026-05-29 01:58:06,458 - INFO - yfinance: buscando data de listagem para ELEK3...
2026-05-29 01:58:07,049 - ERROR - $ELEK3.SA: possibly delisted; no timezone found
2026-05-29 01:58:08,729 - INFO - yfinance: buscando data de listagem para ELEK4...
2026-05-29 01:58:09,301 - ERROR - $ELEK4.SA: possibly delisted; no timezone found
2026-05-29 01:58:10,979 - INFO - yfinance: buscando data de listagem para ELET3...
2026-05-29 01:58:11,549 - ERROR - $ELET3.SA: possibly delisted; no timezone found
2026-05-29 01:58:13,229 - INFO - yfinance: buscando data de listagem para ELET5...
2026-05-29 01:58:14,045 - ERROR - $ELET5.SA: possibly delisted; no timezone found
2026-05-29 01:58:15,729 - INFO - yfinance: buscando data de listagem para ELET6...
2026-05-29 01:58:16,297 - ERROR - $ELET6.SA: possibly delisted; no timezone found
2026-05-29 01:58:17,978 - INFO - yfinance: buscando data de listagem para ELMD3...
2026-05-29 01:58:18,557 - ERROR - $ELMD3.SA: possibly delisted; no timezone found
2026-05-29 01:58:20,238 - INFO - yfinance: buscando data de listagem para ELPL3...
2026-05-29 01:58:20,819 - ERROR - $ELPL3.SA: possibly delisted; no timezone found
2026-05-29 01:58:22,502 - INFO - yfinance: buscando data de listagem para EMAE3...
2026-05-29 01:58:25,199 - INFO - yfinance: buscando data de listagem para EMAE4...
2026-05-29 01:58:28,247 - INFO - Processados: 250/648 | Falhas div: 46
2026-05-29 01:58:28,247 - INFO - yfinance: buscando data de listagem para EMBR3...
2026-05-29 01:58:28,818 - ERROR - $EMBR3.SA: possibly delisted; no timezone found
2026-05-29 01:58:30,201 - INFO - ✓ Cache de listagem salvo com sucesso
2026-05-29 01:58:30,502 - INFO - yfinance: buscando data de listagem para ENAT3...
2026-05-29 01:58:31,073 - ERROR - $ENAT3.SA: possibly delisted; no timezone found
2026-05-29 01:58:32,753 - INFO - yfinance: buscando data de listagem para ENBR3...
2026-05-29 01:58:33,326 - ERROR - $ENBR3.SA: possibly delisted; no timezone found
2026-05-29 01:58:35,007 - INFO - yfinance: buscando data de listagem para ENEV3...
2026-05-29 01:58:37,904 - INFO - yfinance: buscando data de listagem para ENGI11...
2026-05-29 01:58:40,828 - INFO - yfinance: buscando data de listagem para ENGI3...
2026-05-29 01:58:43,905 - INFO - yfinance: buscando data de listagem para ENGI4...
2026-05-29 01:58:46,877 - INFO - yfinance: buscando data de listagem para ENJU3...
2026-05-29 01:58:49,530 - INFO - yfinance: buscando data de listagem para ENMA3B...
2026-05-29 01:58:50,104 - ERROR - $ENMA3B.SA: possibly delisted; no timezone found
2026-05-29 01:58:51,785 - INFO - yfinance: buscando data de listagem para ENMA6B...
2026-05-29 01:58:52,352 - ERROR - $ENMA6B.SA: possibly delisted; no timezone found
2026-05-29 01:58:54,033 - INFO - yfinance: buscando data de listagem para ENMT3...
2026-05-29 01:58:56,628 - INFO - ✓ Cache de listagem salvo com sucesso
2026-05-29 01:58:56,929 - INFO - yfinance: buscando data de listagem para ENMT4...
2026-05-29 01:58:59,906 - INFO - yfinance: buscando data de listagem para EPAR3...
2026-05-29 01:59:02,961 - INFO - yfinance: buscando data de listagem para EQPA3...
2026-05-29 01:59:05,895 - INFO - yfinance: buscando data de listagem para EQPA5...
2026-05-29 01:59:08,802 - INFO - yfinance: buscando data de listagem para EQPA6...
2026-05-29 01:59:11,596 - INFO - yfinance: buscando data de listagem para EQPA7...
2026-05-29 01:59:14,449 - INFO - yfinance: buscando data de listagem para EQTL3...
2026-05-29 01:59:17,393 - INFO - yfinance: buscando data de listagem para ESPA3...
2026-05-29 01:59:20,167 - INFO - yfinance: buscando data de listagem para ESTR3...
2026-05-29 01:59:23,185 - INFO - yfinance: buscando data de listagem para ESTR4...
2026-05-29 01:59:25,807 - INFO - ✓ Cache de listagem salvo com sucesso
2026-05-29 01:59:26,108 - INFO - yfinance: buscando data de listagem para ETER3...
2026-05-29 01:59:29,124 - INFO - yfinance: buscando data de listagem para EUCA3...
2026-05-29 01:59:32,101 - INFO - yfinance: buscando data de listagem para EUCA4...
2026-05-29 01:59:35,265 - INFO - yfinance: buscando data de listagem para EVEN3...
2026-05-29 01:59:38,297 - INFO - yfinance: buscando data de listagem para EZTC3...
2026-05-29 01:59:41,401 - INFO - yfinance: buscando data de listagem para FESA3...
2026-05-29 01:59:44,389 - INFO - yfinance: buscando data de listagem para FESA4...
2026-05-29 01:59:47,579 - INFO - yfinance: buscando data de listagem para FHER3...
2026-05-29 01:59:50,512 - INFO - yfinance: buscando data de listagem para FICT3...
2026-05-29 01:59:53,586 - INFO - yfinance: buscando data de listagem para FIGE3...
2026-05-29 01:59:56,238 - INFO - ✓ Cache de listagem salvo com sucesso
2026-05-29 01:59:56,539 - INFO - yfinance: buscando data de listagem para FIGE4...
2026-05-29 01:59:59,348 - INFO - yfinance: buscando data de listagem para FIQE3...
2026-05-29 02:00:02,114 - INFO - yfinance: buscando data de listagem para FLEX3...
2026-05-29 02:00:02,698 - ERROR - $FLEX3.SA: possibly delisted; no timezone found
2026-05-29 02:00:04,378 - INFO - yfinance: buscando data de listagem para FLRY3...
2026-05-29 02:00:07,542 - INFO - yfinance: buscando data de listagem para FNCN3...
2026-05-29 02:00:08,113 - ERROR - $FNCN3.SA: possibly delisted; no timezone found
2026-05-29 02:00:09,788 - INFO - yfinance: buscando data de listagem para FRAS3...
2026-05-29 02:00:12,779 - INFO - yfinance: buscando data de listagem para FRIO3...
2026-05-29 02:00:15,679 - INFO - yfinance: buscando data de listagem para FRTA3...
2026-05-29 02:00:16,244 - ERROR - $FRTA3.SA: possibly delisted; no timezone found
2026-05-29 02:00:17,917 - INFO - yfinance: buscando data de listagem para G2DI33...
2026-05-29 02:00:20,549 - INFO - yfinance: buscando data de listagem para GBIO33...
2026-05-29 02:00:21,114 - ERROR - $GBIO33.SA: possibly delisted; no timezone found
2026-05-29 02:00:22,493 - INFO - ✓ Cache de listagem salvo com sucesso
2026-05-29 02:00:22,794 - INFO - yfinance: buscando data de listagem para GEPA3...
2026-05-29 02:00:25,754 - INFO - yfinance: buscando data de listagem para GEPA4...
2026-05-29 02:00:28,714 - INFO - yfinance: buscando data de listagem para GETT11...
2026-05-29 02:00:29,283 - ERROR - $GETT11.SA: possibly delisted; no timezone found
2026-05-29 02:00:30,956 - INFO - yfinance: buscando data de listagem para GETT3...
2026-05-29 02:00:31,519 - ERROR - $GETT3.SA: possibly delisted; no timezone found
2026-05-29 02:00:33,194 - INFO - yfinance: buscando data de listagem para GETT4...
2026-05-29 02:00:33,762 - ERROR - $GETT4.SA: possibly delisted; no timezone found
2026-05-29 02:00:35,440 - INFO - yfinance: buscando data de listagem para GFSA3...
2026-05-29 02:00:38,716 - INFO - yfinance: buscando data de listagem para GGBR3...
2026-05-29 02:00:41,872 - INFO - yfinance: buscando data de listagem para GGBR4...
2026-05-29 02:00:45,211 - INFO - yfinance: buscando data de listagem para GGPS3...
2026-05-29 02:00:48,078 - INFO - Processados: 300/648 | Falhas div: 51
2026-05-29 02:00:48,078 - INFO - yfinance: buscando data de listagem para GMAT3...
2026-05-29 02:00:50,561 - INFO - ✓ Cache de listagem salvo com sucesso
2026-05-29 02:00:50,863 - INFO - yfinance: buscando data de listagem para GNDI3...
2026-05-29 02:00:51,498 - ERROR - $GNDI3.SA: possibly delisted; no timezone found
2026-05-29 02:00:53,182 - INFO - yfinance: buscando data de listagem para GOAU3...
2026-05-29 02:00:56,333 - INFO - yfinance: buscando data de listagem para GOAU4...
2026-05-29 02:00:59,467 - INFO - yfinance: buscando data de listagem para GOLL4...
2026-05-29 02:01:00,148 - ERROR - $GOLL4.SA: possibly delisted; no timezone found
2026-05-29 02:01:01,829 - INFO - yfinance: buscando data de listagem para GOLL54...
2026-05-29 02:01:04,479 - INFO - yfinance: buscando data de listagem para GPAR3...
2026-05-29 02:01:07,245 - INFO - yfinance: buscando data de listagem para GPCP3...
2026-05-29 02:01:07,818 - ERROR - $GPCP3.SA: possibly delisted; no timezone found
2026-05-29 02:01:09,498 - INFO - yfinance: buscando data de listagem para GPCP4...
2026-05-29 02:01:10,067 - ERROR - $GPCP4.SA: possibly delisted; no timezone found
2026-05-29 02:01:11,744 - INFO - yfinance: buscando data de listagem para GPIV33...
2026-05-29 02:01:12,310 - ERROR - $GPIV33.SA: possibly delisted; no timezone found
2026-05-29 02:01:13,989 - INFO - yfinance: buscando data de listagem para GRAO3...
2026-05-29 02:01:14,557 - ERROR - $GRAO3.SA: possibly delisted; no timezone found
2026-05-29 02:01:15,937 - INFO - ✓ Cache de listagem salvo com sucesso
2026-05-29 02:01:16,238 - INFO - yfinance: buscando data de listagem para GRND3...
2026-05-29 02:01:19,301 - INFO - yfinance: buscando data de listagem para GSHP3...
2026-05-29 02:01:22,188 - INFO - yfinance: buscando data de listagem para GUAR3...
2026-05-29 02:01:22,758 - ERROR - $GUAR3.SA: possibly delisted; no timezone found
2026-05-29 02:01:24,433 - INFO - yfinance: buscando data de listagem para GUAR4...
2026-05-29 02:01:24,999 - ERROR - $GUAR4.SA: possibly delisted; no timezone found
2026-05-29 02:01:26,680 - INFO - yfinance: buscando data de listagem para HAGA3...
2026-05-29 02:01:29,569 - INFO - yfinance: buscando data de listagem para HAGA4...
2026-05-29 02:01:32,516 - INFO - yfinance: buscando data de listagem para HAPV3...
2026-05-29 02:01:35,301 - INFO - yfinance: buscando data de listagem para HBOR3...
2026-05-29 02:01:38,383 - INFO - yfinance: buscando data de listagem para HBRE3...
2026-05-29 02:01:41,100 - INFO - yfinance: buscando data de listagem para HBSA3...
2026-05-29 02:01:43,506 - INFO - ✓ Cache de listagem salvo com sucesso
2026-05-29 02:01:43,807 - INFO - yfinance: buscando data de listagem para HBTS3...
2026-05-29 02:01:44,186 - ERROR - $HBTS3.SA: possibly delisted; no price data found  (1d 1927-06-23 -> 2026-05-29)
2026-05-29 02:01:45,864 - INFO - yfinance: buscando data de listagem para HBTS5...
2026-05-29 02:01:48,641 - INFO - yfinance: buscando data de listagem para HBTS6...
2026-05-29 02:01:49,265 - ERROR - $HBTS6.SA: possibly delisted; no price data found  (1d 1927-06-23 -> 2026-05-29)
2026-05-29 02:01:50,940 - INFO - yfinance: buscando data de listagem para HCBR3...
2026-05-29 02:01:51,317 - ERROR - $HCBR3.SA: possibly delisted; no price data found  (1d 1927-06-23 -> 2026-05-29)
2026-05-29 02:01:52,992 - INFO - yfinance: buscando data de listagem para HETA3...
2026-05-29 02:01:55,810 - INFO - yfinance: buscando data de listagem para HETA4...
2026-05-29 02:01:58,699 - INFO - yfinance: buscando data de listagem para HGTX3...
2026-05-29 02:01:59,261 - ERROR - $HGTX3.SA: possibly delisted; no timezone found
2026-05-29 02:02:00,938 - INFO - yfinance: buscando data de listagem para HOOT3...
2026-05-29 02:02:03,681 - INFO - yfinance: buscando data de listagem para HOOT4...
2026-05-29 02:02:06,575 - INFO - yfinance: buscando data de listagem para HYPE3...
2026-05-29 02:02:09,176 - INFO - ✓ Cache de listagem salvo com sucesso
2026-05-29 02:02:09,477 - INFO - yfinance: buscando data de listagem para IBOV...
2026-05-29 02:02:09,859 - ERROR - $IBOV.SA: possibly delisted; no price data found  (1d 1927-06-23 -> 2026-05-29)
2026-05-29 02:02:11,534 - INFO - yfinance: buscando data de listagem para IDNT3...
2026-05-29 02:02:12,264 - ERROR - $IDNT3.SA: possibly delisted; no timezone found
2026-05-29 02:02:13,943 - INFO - yfinance: buscando data de listagem para IDVL3...
2026-05-29 02:02:14,638 - ERROR - $IDVL3.SA: possibly delisted; no timezone found
2026-05-29 02:02:16,315 - INFO - yfinance: buscando data de listagem para IDVL4...
2026-05-29 02:02:16,898 - ERROR - $IDVL4.SA: possibly delisted; no timezone found
2026-05-29 02:02:18,577 - INFO - yfinance: buscando data de listagem para IFCM3...
2026-05-29 02:02:21,226 - INFO - yfinance: buscando data de listagem para IGBR3...
2026-05-29 02:02:21,790 - ERROR - $IGBR3.SA: possibly delisted; no timezone found
2026-05-29 02:02:23,468 - INFO - yfinance: buscando data de listagem para IGSN3...
2026-05-29 02:02:23,928 - ERROR - $IGSN3.SA: possibly delisted; no price data found  (1d 1927-06-23 -> 2026-05-29)
2026-05-29 02:02:25,608 - INFO - yfinance: buscando data de listagem para IGTA3...
2026-05-29 02:02:26,174 - ERROR - $IGTA3.SA: possibly delisted; no timezone found
2026-05-29 02:02:27,853 - INFO - yfinance: buscando data de listagem para IGTI11...
2026-05-29 02:02:30,583 - INFO - yfinance: buscando data de listagem para IGTI3...
2026-05-29 02:02:33,253 - INFO - ✓ Cache de listagem salvo com sucesso
2026-05-29 02:02:33,554 - INFO - yfinance: buscando data de listagem para IGTI4...
2026-05-29 02:02:36,191 - INFO - yfinance: buscando data de listagem para INEP3...
2026-05-29 02:02:39,220 - INFO - yfinance: buscando data de listagem para INEP4...
2026-05-29 02:02:42,471 - INFO - yfinance: buscando data de listagem para INNT3...
2026-05-29 02:02:43,035 - ERROR - $INNT3.SA: possibly delisted; no timezone found
2026-05-29 02:02:44,718 - INFO - yfinance: buscando data de listagem para INTB3...
2026-05-29 02:02:47,486 - INFO - yfinance: buscando data de listagem para IRBR3...
2026-05-29 02:02:50,273 - INFO - yfinance: buscando data de listagem para ISAE3...
2026-05-29 02:02:53,291 - INFO - yfinance: buscando data de listagem para ISAE4...
2026-05-29 02:02:56,305 - INFO - yfinance: buscando data de listagem para ITEC3...
2026-05-29 02:02:57,110 - ERROR - $ITEC3.SA: possibly delisted; no timezone found
2026-05-29 02:02:58,791 - INFO - Processados: 350/648 | Falhas div: 68
2026-05-29 02:02:58,791 - INFO - yfinance: buscando data de listagem para ITSA3...
2026-05-29 02:03:01,664 - INFO - ✓ Cache de listagem salvo com sucesso
2026-05-29 02:03:01,965 - INFO - yfinance: buscando data de listagem para ITSA4...
2026-05-29 02:03:04,998 - INFO - yfinance: buscando data de listagem para ITUB3...
2026-05-29 02:03:08,236 - INFO - yfinance: buscando data de listagem para ITUB4...
2026-05-29 02:03:11,517 - INFO - yfinance: buscando data de listagem para JALL3...
2026-05-29 02:03:14,222 - INFO - yfinance: buscando data de listagem para JBDU3...
2026-05-29 02:03:14,788 - ERROR - $JBDU3.SA: possibly delisted; no timezone found
2026-05-29 02:03:16,466 - INFO - yfinance: buscando data de listagem para JBDU4...
2026-05-29 02:03:17,035 - ERROR - $JBDU4.SA: possibly delisted; no timezone found
2026-05-29 02:03:18,715 - INFO - yfinance: buscando data de listagem para JBSS3...
2026-05-29 02:03:19,284 - ERROR - $JBSS3.SA: possibly delisted; no timezone found
2026-05-29 02:03:20,961 - INFO - yfinance: buscando data de listagem para JFEN3...
2026-05-29 02:03:23,810 - INFO - yfinance: buscando data de listagem para JHSF3...
2026-05-29 02:03:26,720 - INFO - yfinance: buscando data de listagem para JOPA3...
2026-05-29 02:03:29,249 - INFO - ✓ Cache de listagem salvo com sucesso
2026-05-29 02:03:29,550 - INFO - yfinance: buscando data de listagem para JOPA4...
2026-05-29 02:03:32,373 - INFO - yfinance: buscando data de listagem para JPSA3...
2026-05-29 02:03:32,935 - ERROR - $JPSA3.SA: possibly delisted; no timezone found
2026-05-29 02:03:34,615 - INFO - yfinance: buscando data de listagem para JSLG3...
2026-05-29 02:03:37,386 - INFO - yfinance: buscando data de listagem para KEPL3...
2026-05-29 02:03:40,462 - INFO - yfinance: buscando data de listagem para KLBN11...
2026-05-29 02:03:43,383 - INFO - yfinance: buscando data de listagem para KLBN3...
2026-05-29 02:03:46,443 - INFO - yfinance: buscando data de listagem para KLBN4...
2026-05-29 02:03:49,380 - INFO - yfinance: buscando data de listagem para KRSA3...
2026-05-29 02:03:49,945 - ERROR - $KRSA3.SA: possibly delisted; no timezone found
2026-05-29 02:03:51,627 - INFO - yfinance: buscando data de listagem para LAME3...
2026-05-29 02:03:52,198 - ERROR - $LAME3.SA: possibly delisted; no timezone found
2026-05-29 02:03:53,878 - INFO - yfinance: buscando data de listagem para LAME4...
2026-05-29 02:03:54,448 - ERROR - $LAME4.SA: possibly delisted; no timezone found
2026-05-29 02:03:55,825 - INFO - ✓ Cache de listagem salvo com sucesso
2026-05-29 02:03:56,127 - INFO - yfinance: buscando data de listagem para LAND3...
2026-05-29 02:03:59,084 - INFO - yfinance: buscando data de listagem para LAVV3...
2026-05-29 02:04:01,850 - INFO - yfinance: buscando data de listagem para LCAM3...
2026-05-29 02:04:02,428 - ERROR - $LCAM3.SA: possibly delisted; no timezone found
2026-05-29 02:04:04,109 - INFO - yfinance: buscando data de listagem para LEVE3...
2026-05-29 02:04:07,062 - INFO - yfinance: buscando data de listagem para LHER3...
2026-05-29 02:04:09,651 - INFO - yfinance: buscando data de listagem para LHER4...
2026-05-29 02:04:12,244 - INFO - yfinance: buscando data de listagem para LIGT3...
2026-05-29 02:04:15,377 - INFO - yfinance: buscando data de listagem para LINX3...
2026-05-29 02:04:15,950 - ERROR - $LINX3.SA: possibly delisted; no timezone found
2026-05-29 02:04:17,627 - INFO - yfinance: buscando data de listagem para LIPR3...
2026-05-29 02:04:18,206 - ERROR - $LIPR3.SA: possibly delisted; no timezone found
2026-05-29 02:04:19,885 - INFO - yfinance: buscando data de listagem para LJQQ3...
2026-05-29 02:04:22,297 - INFO - ✓ Cache de listagem salvo com sucesso
2026-05-29 02:04:22,598 - INFO - yfinance: buscando data de listagem para LLIS3...
2026-05-29 02:04:23,164 - ERROR - $LLIS3.SA: possibly delisted; no timezone found
2026-05-29 02:04:24,842 - INFO - yfinance: buscando data de listagem para LMED3...
2026-05-29 02:04:25,407 - ERROR - $LMED3.SA: possibly delisted; no timezone found
2026-05-29 02:04:27,089 - INFO - yfinance: buscando data de listagem para LOGG3...
2026-05-29 02:04:29,942 - INFO - yfinance: buscando data de listagem para LOGN3...
2026-05-29 02:04:32,890 - INFO - yfinance: buscando data de listagem para LPSB3...
2026-05-29 02:04:35,947 - INFO - yfinance: buscando data de listagem para LREN3...
2026-05-29 02:04:39,069 - INFO - yfinance: buscando data de listagem para LTEL3B...
2026-05-29 02:04:39,637 - ERROR - $LTEL3B.SA: possibly delisted; no timezone found
2026-05-29 02:04:41,317 - INFO - yfinance: buscando data de listagem para LUPA3...
2026-05-29 02:04:44,114 - INFO - yfinance: buscando data de listagem para LUXM3...
2026-05-29 02:04:46,903 - INFO - yfinance: buscando data de listagem para LUXM4...
2026-05-29 02:04:49,538 - INFO - ✓ Cache de listagem salvo com sucesso
2026-05-29 02:04:49,840 - INFO - yfinance: buscando data de listagem para LVTC3...
2026-05-29 02:04:50,409 - ERROR - $LVTC3.SA: possibly delisted; no timezone found
2026-05-29 02:04:52,086 - INFO - yfinance: buscando data de listagem para LWSA3...
2026-05-29 02:04:54,943 - INFO - yfinance: buscando data de listagem para MAPT3...
2026-05-29 02:04:57,663 - INFO - yfinance: buscando data de listagem para MAPT4...
2026-05-29 02:05:00,428 - INFO - yfinance: buscando data de listagem para MATD3...
2026-05-29 02:05:03,104 - INFO - yfinance: buscando data de listagem para MBLY3...
2026-05-29 02:05:03,673 - ERROR - $MBLY3.SA: possibly delisted; no timezone found
2026-05-29 02:05:05,348 - INFO - yfinance: buscando data de listagem para MDIA3...
2026-05-29 02:05:08,293 - INFO - yfinance: buscando data de listagem para MDNE3...
2026-05-29 02:05:11,014 - INFO - yfinance: buscando data de listagem para MEAL3...
2026-05-29 02:05:13,765 - INFO - Processados: 400/648 | Falhas div: 76
2026-05-29 02:05:13,765 - INFO - yfinance: buscando data de listagem para MELK3...
2026-05-29 02:05:16,183 - INFO - ✓ Cache de listagem salvo com sucesso
2026-05-29 02:05:16,484 - INFO - yfinance: buscando data de listagem para MERC3...
2026-05-29 02:05:17,053 - ERROR - $MERC3.SA: possibly delisted; no timezone found
2026-05-29 02:05:18,733 - INFO - yfinance: buscando data de listagem para MERC4...
2026-05-29 02:05:19,300 - ERROR - $MERC4.SA: possibly delisted; no timezone found
2026-05-29 02:05:20,979 - INFO - yfinance: buscando data de listagem para MGEL3...
2026-05-29 02:05:23,883 - INFO - yfinance: buscando data de listagem para MGEL4...
2026-05-29 02:05:27,167 - INFO - yfinance: buscando data de listagem para MGLU3...
2026-05-29 02:05:30,340 - INFO - yfinance: buscando data de listagem para MILS3...
2026-05-29 02:05:33,351 - INFO - yfinance: buscando data de listagem para MLAS3...
2026-05-29 02:05:36,077 - INFO - yfinance: buscando data de listagem para MMAQ3...
2026-05-29 02:05:38,858 - INFO - yfinance: buscando data de listagem para MMAQ4...
2026-05-29 02:05:41,594 - INFO - yfinance: buscando data de listagem para MMXM3...
2026-05-29 02:05:42,164 - ERROR - $MMXM3.SA: possibly delisted; no timezone found
2026-05-29 02:05:43,543 - INFO - ✓ Cache de listagem salvo com sucesso
2026-05-29 02:05:43,845 - INFO - yfinance: buscando data de listagem para MNDL3...
2026-05-29 02:05:46,786 - INFO - yfinance: buscando data de listagem para MNPR3...
2026-05-29 02:05:49,641 - INFO - yfinance: buscando data de listagem para MOAR3...
2026-05-29 02:05:50,203 - ERROR - $MOAR3.SA: possibly delisted; no timezone found
2026-05-29 02:05:51,882 - INFO - yfinance: buscando data de listagem para MODL11...
2026-05-29 02:05:52,449 - ERROR - $MODL11.SA: possibly delisted; no timezone found
2026-05-29 02:05:54,127 - INFO - yfinance: buscando data de listagem para MODL3...
2026-05-29 02:05:54,692 - ERROR - $MODL3.SA: possibly delisted; no timezone found
2026-05-29 02:05:56,369 - INFO - yfinance: buscando data de listagem para MODL4...
2026-05-29 02:05:56,935 - ERROR - $MODL4.SA: possibly delisted; no timezone found
2026-05-29 02:05:58,614 - INFO - yfinance: buscando data de listagem para MOSI3...
2026-05-29 02:05:59,179 - ERROR - $MOSI3.SA: possibly delisted; no timezone found
2026-05-29 02:06:00,857 - INFO - yfinance: buscando data de listagem para MOTV3...
2026-05-29 02:06:03,475 - INFO - yfinance: buscando data de listagem para MOVI3...
2026-05-29 02:06:06,262 - INFO - yfinance: buscando data de listagem para MPLU3...
2026-05-29 02:06:06,831 - ERROR - $MPLU3.SA: possibly delisted; no timezone found
2026-05-29 02:06:08,209 - INFO - ✓ Cache de listagem salvo com sucesso
2026-05-29 02:06:08,510 - INFO - yfinance: buscando data de listagem para MRFG3...
2026-05-29 02:06:09,072 - ERROR - $MRFG3.SA: possibly delisted; no timezone found
2026-05-29 02:06:10,746 - INFO - yfinance: buscando data de listagem para MRSA3B...
2026-05-29 02:06:13,446 - INFO - yfinance: buscando data de listagem para MRSA5B...
2026-05-29 02:06:16,175 - INFO - yfinance: buscando data de listagem para MRSA6B...
2026-05-29 02:06:18,906 - INFO - yfinance: buscando data de listagem para MRVE3...
2026-05-29 02:06:21,895 - INFO - yfinance: buscando data de listagem para MSPA3...
2026-05-29 02:06:24,794 - INFO - yfinance: buscando data de listagem para MSPA4...
2026-05-29 02:06:27,571 - INFO - yfinance: buscando data de listagem para MSRO3...
2026-05-29 02:06:28,140 - ERROR - $MSRO3.SA: possibly delisted; no timezone found
2026-05-29 02:06:29,817 - INFO - yfinance: buscando data de listagem para MTIG3...
2026-05-29 02:06:33,028 - INFO - yfinance: buscando data de listagem para MTIG4...
2026-05-29 02:06:33,611 - ERROR - $MTIG4.SA: possibly delisted; no timezone found
2026-05-29 02:06:34,991 - INFO - ✓ Cache de listagem salvo com sucesso
2026-05-29 02:06:35,292 - INFO - yfinance: buscando data de listagem para MTRE3...
2026-05-29 02:06:38,144 - INFO - yfinance: buscando data de listagem para MTSA3...
2026-05-29 02:06:40,874 - INFO - yfinance: buscando data de listagem para MTSA4...
2026-05-29 02:06:43,791 - INFO - yfinance: buscando data de listagem para MULT3...
2026-05-29 02:06:46,752 - INFO - yfinance: buscando data de listagem para MWET3...
2026-05-29 02:06:49,499 - INFO - yfinance: buscando data de listagem para MWET4...
2026-05-29 02:06:52,464 - INFO - yfinance: buscando data de listagem para MYPK3...
2026-05-29 02:06:55,600 - INFO - yfinance: buscando data de listagem para NAFG3...
2026-05-29 02:06:56,248 - ERROR - $NAFG3.SA: possibly delisted; no timezone found
2026-05-29 02:06:57,927 - INFO - yfinance: buscando data de listagem para NAFG4...
2026-05-29 02:06:58,499 - ERROR - $NAFG4.SA: possibly delisted; no timezone found
2026-05-29 02:07:00,179 - INFO - yfinance: buscando data de listagem para NEMO3...
2026-05-29 02:07:02,704 - INFO - ✓ Cache de listagem salvo com sucesso
2026-05-29 02:07:03,005 - INFO - yfinance: buscando data de listagem para NEMO5...
2026-05-29 02:07:03,575 - ERROR - $NEMO5.SA: possibly delisted; no timezone found
2026-05-29 02:07:05,255 - INFO - yfinance: buscando data de listagem para NEMO6...
2026-05-29 02:07:05,825 - ERROR - $NEMO6.SA: possibly delisted; no timezone found
2026-05-29 02:07:07,503 - INFO - yfinance: buscando data de listagem para NEOE3...
2026-05-29 02:07:10,301 - INFO - yfinance: buscando data de listagem para NEXP3...
2026-05-29 02:07:13,207 - INFO - yfinance: buscando data de listagem para NGRD3...
2026-05-29 02:07:15,927 - INFO - yfinance: buscando data de listagem para NINJ3...
2026-05-29 02:07:16,503 - ERROR - $NINJ3.SA: possibly delisted; no timezone found
2026-05-29 02:07:18,180 - INFO - yfinance: buscando data de listagem para NORD3...
2026-05-29 02:07:20,939 - INFO - yfinance: buscando data de listagem para NRTQ3...
2026-05-29 02:07:21,505 - ERROR - $NRTQ3.SA: possibly delisted; no timezone found
2026-05-29 02:07:23,185 - INFO - yfinance: buscando data de listagem para NTCO3...
2026-05-29 02:07:23,756 - ERROR - $NTCO3.SA: possibly delisted; no timezone found
2026-05-29 02:07:25,436 - INFO - Processados: 450/648 | Falhas div: 80
2026-05-29 02:07:25,436 - INFO - yfinance: buscando data de listagem para NUTR3...
2026-05-29 02:07:27,991 - INFO - ✓ Cache de listagem salvo com sucesso
2026-05-29 02:07:28,293 - INFO - yfinance: buscando data de listagem para ODER3...
2026-05-29 02:07:28,857 - ERROR - $ODER3.SA: possibly delisted; no timezone found
2026-05-29 02:07:30,537 - INFO - yfinance: buscando data de listagem para ODER4...
2026-05-29 02:07:33,218 - INFO - yfinance: buscando data de listagem para ODPV3...
2026-05-29 02:07:36,086 - INFO - yfinance: buscando data de listagem para OFSA3...
2026-05-29 02:07:38,838 - INFO - yfinance: buscando data de listagem para OGXP3...
2026-05-29 02:07:41,805 - INFO - yfinance: buscando data de listagem para OIBR3...
2026-05-29 02:07:44,859 - INFO - yfinance: buscando data de listagem para OIBR4...
2026-05-29 02:07:47,700 - INFO - yfinance: buscando data de listagem para OMGE3...
2026-05-29 02:07:48,267 - ERROR - $OMGE3.SA: possibly delisted; no timezone found
2026-05-29 02:07:49,947 - INFO - yfinance: buscando data de listagem para ONCO3...
2026-05-29 02:07:52,677 - INFO - yfinance: buscando data de listagem para OPCT3...
2026-05-29 02:07:55,117 - INFO - ✓ Cache de listagem salvo com sucesso
2026-05-29 02:07:55,418 - INFO - yfinance: buscando data de listagem para ORVR3...
2026-05-29 02:07:58,107 - INFO - yfinance: buscando data de listagem para OSXB3...
2026-05-29 02:08:00,969 - INFO - yfinance: buscando data de listagem para PACF3...
2026-05-29 02:08:01,534 - ERROR - $PACF3.SA: possibly delisted; no timezone found
2026-05-29 02:08:03,214 - INFO - yfinance: buscando data de listagem para PARD3...
2026-05-29 02:08:03,784 - ERROR - $PARD3.SA: possibly delisted; no timezone found
2026-05-29 02:08:05,462 - INFO - yfinance: buscando data de listagem para PATI3...
2026-05-29 02:08:08,424 - INFO - yfinance: buscando data de listagem para PATI4...
2026-05-29 02:08:11,252 - INFO - yfinance: buscando data de listagem para PCAR3...
2026-05-29 02:08:14,208 - INFO - yfinance: buscando data de listagem para PCAR4...
2026-05-29 02:08:14,776 - ERROR - $PCAR4.SA: possibly delisted; no timezone found
2026-05-29 02:08:16,453 - INFO - yfinance: buscando data de listagem para PDGR3...
2026-05-29 02:08:19,384 - INFO - yfinance: buscando data de listagem para PDTC3...
2026-05-29 02:08:21,916 - INFO - ✓ Cache de listagem salvo com sucesso
2026-05-29 02:08:22,217 - INFO - yfinance: buscando data de listagem para PEAB3...
2026-05-29 02:08:25,051 - INFO - yfinance: buscando data de listagem para PEAB4...
2026-05-29 02:08:27,979 - INFO - yfinance: buscando data de listagem para PETR3...
2026-05-29 02:08:30,931 - INFO - yfinance: buscando data de listagem para PETR4...
2026-05-29 02:08:33,658 - INFO - yfinance: buscando data de listagem para PETZ3...
2026-05-29 02:08:34,225 - ERROR - $PETZ3.SA: possibly delisted; no timezone found
2026-05-29 02:08:35,902 - INFO - yfinance: buscando data de listagem para PFRM3...
2026-05-29 02:08:38,979 - INFO - yfinance: buscando data de listagem para PGMN3...
2026-05-29 02:08:41,725 - INFO - yfinance: buscando data de listagem para PINE3...
2026-05-29 02:08:44,522 - INFO - yfinance: buscando data de listagem para PINE4...
2026-05-29 02:08:47,576 - INFO - yfinance: buscando data de listagem para PLAS3...
2026-05-29 02:08:50,116 - INFO - ✓ Cache de listagem salvo com sucesso
2026-05-29 02:08:50,416 - INFO - yfinance: buscando data de listagem para PLPL3...
2026-05-29 02:08:53,182 - INFO - yfinance: buscando data de listagem para PMAM3...
2026-05-29 02:08:56,321 - INFO - yfinance: buscando data de listagem para PNVL3...
2026-05-29 02:08:59,454 - INFO - yfinance: buscando data de listagem para PNVL4...
2026-05-29 02:09:00,030 - ERROR - $PNVL4.SA: possibly delisted; no timezone found
2026-05-29 02:09:01,710 - INFO - yfinance: buscando data de listagem para POMO3...
2026-05-29 02:09:04,840 - INFO - yfinance: buscando data de listagem para POMO4...
2026-05-29 02:09:07,783 - INFO - yfinance: buscando data de listagem para PORT3...
2026-05-29 02:09:08,357 - ERROR - $PORT3.SA: possibly delisted; no timezone found
2026-05-29 02:09:10,032 - INFO - yfinance: buscando data de listagem para POSI3...
2026-05-29 02:09:13,072 - INFO - yfinance: buscando data de listagem para POWE3...
2026-05-29 02:09:13,641 - ERROR - $POWE3.SA: possibly delisted; no timezone found
2026-05-29 02:09:15,321 - INFO - yfinance: buscando data de listagem para PPAR3...
2026-05-29 02:09:18,096 - INFO - ✓ Cache de listagem salvo com sucesso
2026-05-29 02:09:18,398 - INFO - yfinance: buscando data de listagem para PPLA11...
2026-05-29 02:09:21,291 - INFO - yfinance: buscando data de listagem para PRIO3...
2026-05-29 02:09:24,279 - INFO - yfinance: buscando data de listagem para PRNR3...
2026-05-29 02:09:26,996 - INFO - yfinance: buscando data de listagem para PSSA3...
2026-05-29 02:09:29,953 - INFO - yfinance: buscando data de listagem para PTBL3...
2026-05-29 02:09:33,105 - INFO - yfinance: buscando data de listagem para PTCA11...
2026-05-29 02:09:33,761 - ERROR - $PTCA11.SA: possibly delisted; no timezone found
2026-05-29 02:09:35,438 - INFO - yfinance: buscando data de listagem para PTCA3...
2026-05-29 02:09:36,005 - ERROR - $PTCA3.SA: possibly delisted; no timezone found
2026-05-29 02:09:37,682 - INFO - yfinance: buscando data de listagem para PTNT3...
2026-05-29 02:09:40,625 - INFO - yfinance: buscando data de listagem para PTNT4...
2026-05-29 02:09:43,573 - INFO - Processados: 500/648 | Falhas div: 88
2026-05-29 02:09:43,573 - INFO - yfinance: buscando data de listagem para QUAL3...
2026-05-29 02:09:46,211 - INFO - ✓ Cache de listagem salvo com sucesso
2026-05-29 02:09:46,512 - INFO - yfinance: buscando data de listagem para QUSW3...
2026-05-29 02:09:47,081 - ERROR - $QUSW3.SA: possibly delisted; no timezone found
2026-05-29 02:09:48,760 - INFO - yfinance: buscando data de listagem para RADL3...
2026-05-29 02:09:51,923 - INFO - yfinance: buscando data de listagem para RAIL3...
2026-05-29 02:09:54,808 - INFO - yfinance: buscando data de listagem para RAIZ4...
2026-05-29 02:09:57,761 - INFO - yfinance: buscando data de listagem para RANI3...
2026-05-29 02:10:00,647 - INFO - yfinance: buscando data de listagem para RANI4...
2026-05-29 02:10:01,215 - ERROR - $RANI4.SA: possibly delisted; no timezone found
2026-05-29 02:10:02,889 - INFO - yfinance: buscando data de listagem para RAPT3...
2026-05-29 02:10:05,962 - INFO - yfinance: buscando data de listagem para RAPT4...
2026-05-29 02:10:09,078 - INFO - yfinance: buscando data de listagem para RCSL3...
2026-05-29 02:10:12,086 - INFO - yfinance: buscando data de listagem para RCSL4...
2026-05-29 02:10:14,797 - INFO - ✓ Cache de listagem salvo com sucesso
2026-05-29 02:10:15,099 - INFO - yfinance: buscando data de listagem para RDNI3...
2026-05-29 02:10:15,665 - ERROR - $RDNI3.SA: possibly delisted; no timezone found
2026-05-29 02:10:17,340 - INFO - yfinance: buscando data de listagem para RDOR3...
2026-05-29 02:10:20,113 - INFO - yfinance: buscando data de listagem para REAG3...
2026-05-29 02:10:20,882 - ERROR - $REAG3.SA: possibly delisted; no timezone found
2026-05-29 02:10:22,558 - INFO - yfinance: buscando data de listagem para RECV3...
2026-05-29 02:10:25,398 - INFO - yfinance: buscando data de listagem para REDE3...
2026-05-29 02:10:28,281 - INFO - yfinance: buscando data de listagem para RENT3...
2026-05-29 02:10:31,495 - INFO - yfinance: buscando data de listagem para RLOG3...
2026-05-29 02:10:32,064 - ERROR - $RLOG3.SA: possibly delisted; no timezone found
2026-05-29 02:10:33,741 - INFO - yfinance: buscando data de listagem para RNEW11...
2026-05-29 02:10:34,312 - ERROR - $RNEW11.SA: possibly delisted; no timezone found
2026-05-29 02:10:35,990 - INFO - yfinance: buscando data de listagem para RNEW3...
2026-05-29 02:10:38,871 - INFO - yfinance: buscando data de listagem para RNEW4...
2026-05-29 02:10:41,336 - INFO - ✓ Cache de listagem salvo com sucesso
2026-05-29 02:10:41,638 - INFO - yfinance: buscando data de listagem para ROMI3...
2026-05-29 02:10:44,801 - INFO - yfinance: buscando data de listagem para RPAD3...
2026-05-29 02:10:47,772 - INFO - yfinance: buscando data de listagem para RPAD5...
2026-05-29 02:10:50,586 - INFO - yfinance: buscando data de listagem para RPAD6...
2026-05-29 02:10:53,387 - INFO - yfinance: buscando data de listagem para RPMG3...
2026-05-29 02:10:56,334 - INFO - yfinance: buscando data de listagem para RRRP3...
2026-05-29 02:10:56,905 - ERROR - $RRRP3.SA: possibly delisted; no timezone found
2026-05-29 02:10:58,585 - INFO - yfinance: buscando data de listagem para RSID3...
2026-05-29 02:11:01,449 - INFO - yfinance: buscando data de listagem para RSUL3...
2026-05-29 02:11:04,237 - INFO - yfinance: buscando data de listagem para RSUL4...
2026-05-29 02:11:07,047 - INFO - yfinance: buscando data de listagem para SANB11...
2026-05-29 02:11:09,832 - INFO - ✓ Cache de listagem salvo com sucesso
2026-05-29 02:11:10,134 - INFO - yfinance: buscando data de listagem para SANB3...
2026-05-29 02:11:13,215 - INFO - yfinance: buscando data de listagem para SANB4...
2026-05-29 02:11:16,297 - INFO - yfinance: buscando data de listagem para SAPR11...
2026-05-29 02:11:19,167 - INFO - yfinance: buscando data de listagem para SAPR3...
2026-05-29 02:11:22,130 - INFO - yfinance: buscando data de listagem para SAPR4...
2026-05-29 02:11:24,994 - INFO - yfinance: buscando data de listagem para SBFG3...
2026-05-29 02:11:27,827 - INFO - yfinance: buscando data de listagem para SBSP3...
2026-05-29 02:11:31,073 - INFO - yfinance: buscando data de listagem para SCAR3...
2026-05-29 02:11:34,124 - INFO - yfinance: buscando data de listagem para SEDU3...
2026-05-29 02:11:34,698 - ERROR - $SEDU3.SA: possibly delisted; no timezone found
2026-05-29 02:11:36,377 - INFO - yfinance: buscando data de listagem para SEER3...
2026-05-29 02:11:38,961 - INFO - ✓ Cache de listagem salvo com sucesso
2026-05-29 02:11:39,263 - INFO - yfinance: buscando data de listagem para SEQL3...
2026-05-29 02:11:42,017 - INFO - yfinance: buscando data de listagem para SGPS3...
2026-05-29 02:11:42,578 - ERROR - $SGPS3.SA: possibly delisted; no timezone found
2026-05-29 02:11:44,257 - INFO - yfinance: buscando data de listagem para SHOW3...
2026-05-29 02:11:47,150 - INFO - yfinance: buscando data de listagem para SHUL3...
2026-05-29 02:11:49,864 - INFO - yfinance: buscando data de listagem para SHUL4...
2026-05-29 02:11:52,969 - INFO - yfinance: buscando data de listagem para SIMH3...
2026-05-29 02:11:55,953 - INFO - yfinance: buscando data de listagem para SLCE3...
2026-05-29 02:11:59,046 - INFO - yfinance: buscando data de listagem para SLED3...
2026-05-29 02:12:01,988 - INFO - yfinance: buscando data de listagem para SLED4...
2026-05-29 02:12:04,968 - INFO - Processados: 550/648 | Falhas div: 92
2026-05-29 02:12:04,968 - INFO - yfinance: buscando data de listagem para SMFT3...
2026-05-29 02:12:07,394 - INFO - ✓ Cache de listagem salvo com sucesso
2026-05-29 02:12:07,696 - INFO - yfinance: buscando data de listagem para SMLS3...
2026-05-29 02:12:08,260 - ERROR - $SMLS3.SA: possibly delisted; no timezone found
2026-05-29 02:12:09,939 - INFO - yfinance: buscando data de listagem para SMTO3...
2026-05-29 02:12:12,984 - INFO - yfinance: buscando data de listagem para SNSY3...
2026-05-29 02:12:15,787 - INFO - yfinance: buscando data de listagem para SNSY5...
2026-05-29 02:12:18,671 - INFO - yfinance: buscando data de listagem para SNSY6...
2026-05-29 02:12:21,432 - INFO - yfinance: buscando data de listagem para SOJA3...
2026-05-29 02:12:24,165 - INFO - yfinance: buscando data de listagem para SOMA3...
2026-05-29 02:12:24,732 - ERROR - $SOMA3.SA: possibly delisted; no timezone found
2026-05-29 02:12:26,412 - INFO - yfinance: buscando data de listagem para SOND3...
2026-05-29 02:12:29,269 - INFO - yfinance: buscando data de listagem para SOND5...
2026-05-29 02:12:32,267 - INFO - yfinance: buscando data de listagem para SOND6...
2026-05-29 02:12:34,840 - INFO - ✓ Cache de listagem salvo com sucesso
2026-05-29 02:12:35,141 - INFO - yfinance: buscando data de listagem para SPRI3...
2026-05-29 02:12:35,708 - ERROR - $SPRI3.SA: possibly delisted; no timezone found
2026-05-29 02:12:37,391 - INFO - yfinance: buscando data de listagem para SPRI5...
2026-05-29 02:12:37,957 - ERROR - $SPRI5.SA: possibly delisted; no timezone found
2026-05-29 02:12:39,635 - INFO - yfinance: buscando data de listagem para SPRI6...
2026-05-29 02:12:40,199 - ERROR - $SPRI6.SA: possibly delisted; no timezone found
2026-05-29 02:12:41,876 - INFO - yfinance: buscando data de listagem para SQIA3...
2026-05-29 02:12:42,443 - ERROR - $SQIA3.SA: possibly delisted; no timezone found
2026-05-29 02:12:44,121 - INFO - yfinance: buscando data de listagem para SRNA3...
2026-05-29 02:12:44,692 - ERROR - $SRNA3.SA: possibly delisted; no timezone found
2026-05-29 02:12:46,372 - INFO - yfinance: buscando data de listagem para STBP3...
2026-05-29 02:12:46,977 - ERROR - $STBP3.SA: possibly delisted; no timezone found
2026-05-29 02:12:48,656 - INFO - yfinance: buscando data de listagem para STKF3...
2026-05-29 02:12:49,032 - ERROR - $STKF3.SA: possibly delisted; no price data found  (1d 1927-06-23 -> 2026-05-29)
2026-05-29 02:12:50,708 - INFO - yfinance: buscando data de listagem para STTR3...
2026-05-29 02:12:51,084 - ERROR - $STTR3.SA: possibly delisted; no price data found  (1d 1927-06-23 -> 2026-05-29)
2026-05-29 02:12:52,760 - INFO - yfinance: buscando data de listagem para SULA11...
2026-05-29 02:12:53,545 - ERROR - $SULA11.SA: possibly delisted; no timezone found
2026-05-29 02:12:55,225 - INFO - yfinance: buscando data de listagem para SULA3...
2026-05-29 02:12:55,809 - ERROR - $SULA3.SA: possibly delisted; no timezone found
2026-05-29 02:12:57,187 - INFO - ✓ Cache de listagem salvo com sucesso
2026-05-29 02:12:57,488 - INFO - yfinance: buscando data de listagem para SULA4...
2026-05-29 02:12:58,056 - ERROR - $SULA4.SA: possibly delisted; no timezone found
2026-05-29 02:12:59,734 - INFO - yfinance: buscando data de listagem para SUZB3...
2026-05-29 02:13:02,687 - INFO - yfinance: buscando data de listagem para SYNE3...
2026-05-29 02:13:05,758 - INFO - yfinance: buscando data de listagem para TAEE11...
2026-05-29 02:13:08,827 - INFO - yfinance: buscando data de listagem para TAEE3...
2026-05-29 02:13:11,760 - INFO - yfinance: buscando data de listagem para TAEE4...
2026-05-29 02:13:14,509 - INFO - yfinance: buscando data de listagem para TASA3...
2026-05-29 02:13:17,589 - INFO - yfinance: buscando data de listagem para TASA4...
2026-05-29 02:13:20,523 - INFO - yfinance: buscando data de listagem para TCNO3...
2026-05-29 02:13:21,097 - ERROR - $TCNO3.SA: possibly delisted; no timezone found
2026-05-29 02:13:22,772 - INFO - yfinance: buscando data de listagem para TCNO4...
2026-05-29 02:13:23,391 - ERROR - $TCNO4.SA: possibly delisted; no timezone found
2026-05-29 02:13:24,770 - INFO - ✓ Cache de listagem salvo com sucesso
2026-05-29 02:13:25,071 - INFO - yfinance: buscando data de listagem para TCSA3...
2026-05-29 02:13:28,062 - INFO - yfinance: buscando data de listagem para TECN3...
2026-05-29 02:13:30,964 - INFO - yfinance: buscando data de listagem para TEKA3...
2026-05-29 02:13:33,881 - INFO - yfinance: buscando data de listagem para TEKA4...
2026-05-29 02:13:36,826 - INFO - yfinance: buscando data de listagem para TELB3...
2026-05-29 02:13:39,837 - INFO - yfinance: buscando data de listagem para TELB4...
2026-05-29 02:13:42,886 - INFO - yfinance: buscando data de listagem para TEND3...
2026-05-29 02:13:45,797 - INFO - yfinance: buscando data de listagem para TESA3...
2026-05-29 02:13:46,365 - ERROR - $TESA3.SA: possibly delisted; no timezone found
2026-05-29 02:13:48,042 - INFO - yfinance: buscando data de listagem para TFCO4...
2026-05-29 02:13:50,755 - INFO - yfinance: buscando data de listagem para TGMA3...
2026-05-29 02:13:53,525 - INFO - ✓ Cache de listagem salvo com sucesso
2026-05-29 02:13:53,826 - INFO - yfinance: buscando data de listagem para TIET11...
2026-05-29 02:13:54,395 - ERROR - $TIET11.SA: possibly delisted; no timezone found
2026-05-29 02:13:56,073 - INFO - yfinance: buscando data de listagem para TIET3...
2026-05-29 02:13:56,640 - ERROR - $TIET3.SA: possibly delisted; no timezone found
2026-05-29 02:13:58,320 - INFO - yfinance: buscando data de listagem para TIET4...
2026-05-29 02:13:58,888 - ERROR - $TIET4.SA: possibly delisted; no timezone found
2026-05-29 02:14:00,564 - INFO - yfinance: buscando data de listagem para TIMP3...
2026-05-29 02:14:01,134 - ERROR - $TIMP3.SA: possibly delisted; no timezone found
2026-05-29 02:14:02,809 - INFO - yfinance: buscando data de listagem para TIMS3...
2026-05-29 02:14:05,778 - INFO - yfinance: buscando data de listagem para TKNO3...
2026-05-29 02:14:08,631 - INFO - yfinance: buscando data de listagem para TKNO4...
2026-05-29 02:14:11,455 - INFO - yfinance: buscando data de listagem para TOKY3...
2026-05-29 02:14:14,034 - INFO - yfinance: buscando data de listagem para TOTS3...
2026-05-29 02:14:17,236 - INFO - Processados: 600/648 | Falhas div: 97
2026-05-29 02:14:17,236 - INFO - yfinance: buscando data de listagem para TOYB3...
2026-05-29 02:14:17,829 - ERROR - $TOYB3.SA: possibly delisted; no timezone found
2026-05-29 02:14:19,207 - INFO - ✓ Cache de listagem salvo com sucesso
2026-05-29 02:14:19,508 - INFO - yfinance: buscando data de listagem para TOYB4...
2026-05-29 02:14:20,075 - ERROR - $TOYB4.SA: possibly delisted; no timezone found
2026-05-29 02:14:21,754 - INFO - yfinance: buscando data de listagem para TPIS3...
2026-05-29 02:14:24,820 - INFO - yfinance: buscando data de listagem para TRAD3...
2026-05-29 02:14:27,544 - INFO - yfinance: buscando data de listagem para TRIS3...
2026-05-29 02:14:30,807 - INFO - yfinance: buscando data de listagem para TRPL3...
2026-05-29 02:14:31,374 - ERROR - $TRPL3.SA: possibly delisted; no timezone found
2026-05-29 02:14:33,053 - INFO - yfinance: buscando data de listagem para TRPL4...
2026-05-29 02:14:33,624 - ERROR - $TRPL4.SA: possibly delisted; no timezone found
2026-05-29 02:14:35,304 - INFO - yfinance: buscando data de listagem para TRPN3...
2026-05-29 02:14:35,893 - ERROR - $TRPN3.SA: possibly delisted; no timezone found
2026-05-29 02:14:37,573 - INFO - yfinance: buscando data de listagem para TTEN3...
2026-05-29 02:14:40,364 - INFO - yfinance: buscando data de listagem para TUPY3...
2026-05-29 02:14:43,559 - INFO - yfinance: buscando data de listagem para TXRX3...
2026-05-29 02:14:46,050 - INFO - ✓ Cache de listagem salvo com sucesso
2026-05-29 02:14:46,350 - INFO - yfinance: buscando data de listagem para TXRX4...
2026-05-29 02:14:49,165 - INFO - yfinance: buscando data de listagem para UCAS3...
2026-05-29 02:14:51,963 - INFO - yfinance: buscando data de listagem para UGPA3...
2026-05-29 02:14:55,144 - INFO - yfinance: buscando data de listagem para UNIP3...
2026-05-29 02:14:58,407 - INFO - yfinance: buscando data de listagem para UNIP5...
2026-05-29 02:15:01,403 - INFO - yfinance: buscando data de listagem para UNIP6...
2026-05-29 02:15:04,515 - INFO - yfinance: buscando data de listagem para USIM3...
2026-05-29 02:15:07,679 - INFO - yfinance: buscando data de listagem para USIM5...
2026-05-29 02:15:10,777 - INFO - yfinance: buscando data de listagem para USIM6...
2026-05-29 02:15:13,566 - INFO - yfinance: buscando data de listagem para VALE3...
2026-05-29 02:15:16,489 - INFO - ✓ Cache de listagem salvo com sucesso
2026-05-29 02:15:16,790 - INFO - yfinance: buscando data de listagem para VAMO3...
2026-05-29 02:15:19,507 - INFO - yfinance: buscando data de listagem para VBBR3...
2026-05-29 02:15:22,376 - INFO - yfinance: buscando data de listagem para VIIA3...
2026-05-29 02:15:22,943 - ERROR - $VIIA3.SA: possibly delisted; no timezone found
2026-05-29 02:15:24,617 - INFO - yfinance: buscando data de listagem para VITT3...
2026-05-29 02:15:27,414 - INFO - yfinance: buscando data de listagem para VIVA3...
2026-05-29 02:15:30,181 - INFO - yfinance: buscando data de listagem para VIVR3...
2026-05-29 02:15:33,160 - INFO - yfinance: buscando data de listagem para VIVT3...
2026-05-29 02:15:36,247 - INFO - yfinance: buscando data de listagem para VIVT4...
2026-05-29 02:15:37,051 - ERROR - $VIVT4.SA: possibly delisted; no timezone found
2026-05-29 02:15:39,018 - INFO - yfinance: buscando data de listagem para VLID3...
2026-05-29 02:15:42,127 - INFO - yfinance: buscando data de listagem para VSPT3...
2026-05-29 02:15:44,862 - INFO - ✓ Cache de listagem salvo com sucesso
2026-05-29 02:15:45,164 - INFO - yfinance: buscando data de listagem para VSPT4...
2026-05-29 02:15:45,543 - ERROR - VSPT4.SA: Period 'max' is invalid, must be one of: 1d, 5d
2026-05-29 02:15:47,222 - INFO - yfinance: buscando data de listagem para VSTE3...
2026-05-29 02:15:50,161 - INFO - yfinance: buscando data de listagem para VTRU3...
2026-05-29 02:15:52,807 - INFO - yfinance: buscando data de listagem para VULC3...
2026-05-29 02:15:55,700 - INFO - yfinance: buscando data de listagem para VVAR3...
2026-05-29 02:15:56,268 - ERROR - $VVAR3.SA: possibly delisted; no timezone found
2026-05-29 02:15:57,946 - INFO - yfinance: buscando data de listagem para VVEO3...
2026-05-29 02:16:00,700 - INFO - yfinance: buscando data de listagem para WEGE3...
2026-05-29 02:16:03,809 - INFO - yfinance: buscando data de listagem para WEST3...
2026-05-29 02:16:06,527 - INFO - yfinance: buscando data de listagem para WHRL3...
2026-05-29 02:16:09,395 - INFO - yfinance: buscando data de listagem para WHRL4...
2026-05-29 02:16:12,037 - INFO - ✓ Cache de listagem salvo com sucesso
2026-05-29 02:16:12,337 - INFO - yfinance: buscando data de listagem para WIZC3...
2026-05-29 02:16:15,227 - INFO - yfinance: buscando data de listagem para WIZS3...
2026-05-29 02:16:15,795 - ERROR - $WIZS3.SA: possibly delisted; no timezone found
2026-05-29 02:16:17,474 - INFO - yfinance: buscando data de listagem para WLMM3...
2026-05-29 02:16:20,186 - INFO - yfinance: buscando data de listagem para WLMM4...
2026-05-29 02:16:23,298 - INFO - yfinance: buscando data de listagem para WSON33...
2026-05-29 02:16:23,864 - ERROR - $WSON33.SA: possibly delisted; no timezone found
2026-05-29 02:16:25,544 - INFO - yfinance: buscando data de listagem para YDUQ3...
2026-05-29 02:16:28,582 - INFO - yfinance: buscando data de listagem para ZAMP3...
2026-05-29 02:16:29,153 - ERROR - $ZAMP3.SA: possibly delisted; no timezone found
2026-05-29 02:16:30,858 - INFO - Total válidos: 408 | Colunas: 59
2026-05-29 02:16:32,837 - INFO - ✓ Arquivos salvos com sucesso!
2026-05-29 02:16:32,842 - INFO - ✓ Cache de listagem salvo com sucesso
2026-05-29 02:16:32,842 - INFO - ✓ ATUALIZAÇÃO CONCLUÍDA!
2026-05-29 02:16:32,842 - WARNING - ⚠ 109 tickers tiveram falha na coleta de dividendos.
